2026-05-01 18:18:46,388 - INFO - Successfully fetched movie/popular
2026-05-01 18:18:46,588 - INFO - Successfully fetched movie/1318447
2026-05-01 18:18:46,795 - INFO - Successfully fetched movie/1318447/credits
2026-05-01 18:18:47,026 - INFO - Successfully fetched movie/1226863
2026-05-01 18:18:47,312 - INFO - Successfully fetched movie/1226863/credits
2026-05-01 18:18:47,542 - INFO - Successfully fetched movie/936075
2026-05-01 18:18:47,817 - INFO - Successfully fetched movie/936075/credits
2026-05-01 18:18:48,022 - INFO - Successfully fetched movie/1523145
2026-05-01 18:18:48,328 - INFO - Successfully fetched movie/1523145/credits
2026-05-01 18:18:48,530 - INFO - Successfully fetched movie/1198994
2026-05-01 18:18:48,758 - INFO - Successfully fetched movie/1198994/credits
2026-05-01 18:18:48,996 - INFO - Successfully fetched movie/1292695
2026-05-01 18:18:49,262 - INFO - Successfully fetched movie/1292695/credits
2026-05-01 18:20:14,856 - INFO - Successfully fetched search/movie
2026-05-01 18:20:15,062 - INFO - Successfully fetched movie/10515
2026-05-01 18:20:15,268 - INFO - Successfully fetched movie/10515/credits
2026-05-01 18:20:15,490 - INFO - Successfully fetched search/movie
2026-05-01 18:20:15,722 - INFO - Successfully fetched movie/76826
2026-05-01 18:20:16,092 - INFO - Successfully fetched movie/76826/credits
2026-05-01 18:20:16,296 - INFO - Successfully fetched search/movie
2026-05-01 18:20:16,597 - INFO - Successfully fetched movie/8392
2026-05-01 18:20:16,802 - INFO - Successfully fetched movie/8392/credits
2026-05-01 18:20:17,006 - INFO - Successfully fetched search/movie
2026-05-01 18:20:17,303 - INFO - Successfully fetched movie/16859
2026-05-01 18:20:17,493 - INFO - Successfully fetched movie/16859/credits
2026-05-01 18:20:17,738 - INFO - Successfully fetched search/movie
2026-05-01 18:20:17,981 - INFO - Successfully fetched movie/15080
2026-05-01 18:20:18,254 - INFO - Successfully fetched movie/15080/credits
2026-05-01 18:20:18,529 - INFO - Successfully fetched search/movie
2026-05-01 18:20:18,725 - INFO - Successfully fetched movie/11621
2026-05-01 18:20:18,976 - INFO - Successfully fetched movie/11621/credits
2026-05-01 18:20:19,224 - INFO - Successfully fetched search/movie
2026-05-01 18:20:19,530 - INFO - Successfully fetched movie/15283
2026-05-01 18:20:19,725 - INFO - Successfully fetched movie/15283/credits
2026-05-01 18:20:19,977 - INFO - Successfully fetched search/movie
2026-05-01 18:20:20,234 - INFO - Successfully fetched movie/37797
2026-05-01 18:20:20,497 - INFO - Successfully fetched movie/37797/credits
2026-05-01 18:20:20,746 - INFO - Successfully fetched search/movie
2026-05-01 18:20:21,029 - INFO - Successfully fetched movie/128
2026-05-01 18:20:21,222 - INFO - Successfully fetched movie/128/credits
2026-05-01 18:20:21,479 - INFO - Successfully fetched search/movie
2026-05-01 18:20:21,811 - INFO - Successfully fetched movie/16198
2026-05-01 18:20:21,977 - INFO - Successfully fetched movie/16198/credits
2026-05-01 18:20:22,242 - INFO - Successfully fetched search/movie
2026-05-01 18:20:22,482 - INFO - Successfully fetched movie/129
2026-05-01 18:20:22,795 - INFO - Successfully fetched movie/129/credits
2026-05-01 18:20:22,989 - INFO - Successfully fetched search/movie
2026-05-01 18:20:23,275 - INFO - Successfully fetched movie/15370
2026-05-01 18:20:23,488 - INFO - Successfully fetched movie/15370/credits
2026-05-01 18:20:23,746 - INFO - Successfully fetched search/movie
2026-05-01 18:20:23,986 - INFO - Successfully fetched movie/4935
2026-05-01 18:20:24,285 - INFO - Successfully fetched movie/4935/credits
2026-05-01 18:20:24,571 - INFO - Successfully fetched search/movie
2026-05-01 18:20:24,742 - INFO - Successfully fetched movie/37933
2026-05-01 18:20:24,976 - INFO - Successfully fetched movie/37933/credits
2026-05-01 18:20:25,256 - INFO - Successfully fetched search/movie
2026-05-01 18:20:25,493 - INFO - Successfully fetched movie/12429
2026-05-01 18:20:25,816 - INFO - Successfully fetched movie/12429/credits
2026-05-01 18:20:26,078 - INFO - Successfully fetched search/movie
2026-05-01 18:20:26,301 - INFO - Successfully fetched movie/51739
2026-05-01 18:20:26,534 - INFO - Successfully fetched movie/51739/credits
2026-05-01 18:20:26,750 - INFO - Successfully fetched search/movie
2026-05-01 18:20:27,011 - INFO - Successfully fetched movie/83389
2026-05-01 18:20:27,260 - INFO - Successfully fetched movie/83389/credits
2026-05-01 18:20:27,492 - INFO - Successfully fetched search/movie
2026-05-01 18:20:27,749 - INFO - Successfully fetched movie/149870
2026-05-01 18:20:27,995 - INFO - Successfully fetched movie/149870/credits
2026-05-01 18:20:28,236 - INFO - Successfully fetched search/movie
2026-05-01 18:20:28,494 - INFO - Successfully fetched movie/149871
2026-05-01 18:20:28,742 - INFO - Successfully fetched movie/149871/credits
2026-05-01 18:20:29,060 - INFO - Successfully fetched search/movie
2026-05-01 18:20:29,253 - INFO - Successfully fetched movie/242828
2026-05-01 18:20:29,500 - INFO - Successfully fetched movie/242828/credits
2026-05-01 18:46:35,857 - INFO - Successfully fetched search/movie
2026-05-01 18:46:35,996 - INFO - Successfully fetched movie/10515
2026-05-01 18:46:36,306 - INFO - Successfully fetched movie/10515/credits
2026-05-01 18:46:36,508 - INFO - Successfully fetched search/movie
2026-05-01 18:46:36,714 - INFO - Successfully fetched movie/76826
2026-05-01 18:46:37,020 - INFO - Successfully fetched movie/76826/credits
2026-05-01 18:46:37,233 - INFO - Successfully fetched search/movie
2026-05-01 18:46:37,434 - INFO - Successfully fetched movie/8392
2026-05-01 18:46:37,841 - INFO - Successfully fetched movie/8392/credits
2026-05-01 18:46:38,146 - INFO - Successfully fetched search/movie
2026-05-01 18:46:38,248 - INFO - Successfully fetched movie/16859
2026-05-01 18:46:38,559 - INFO - Successfully fetched movie/16859/credits
2026-05-01 18:46:38,866 - INFO - Successfully fetched search/movie
2026-05-01 18:46:38,943 - INFO - Successfully fetched movie/15080
2026-05-01 18:46:39,190 - INFO - Successfully fetched movie/15080/credits
2026-05-01 18:46:39,512 - INFO - Successfully fetched search/movie
2026-05-01 18:46:39,699 - INFO - Successfully fetched movie/11621
2026-05-01 18:46:39,950 - INFO - Successfully fetched movie/11621/credits
2026-05-01 18:46:40,322 - INFO - Successfully fetched search/movie
2026-05-01 18:46:40,447 - INFO - Successfully fetched movie/15283
2026-05-01 18:46:40,704 - INFO - Successfully fetched movie/15283/credits
2026-05-01 18:46:41,026 - INFO - Successfully fetched search/movie
2026-05-01 18:46:41,207 - INFO - Successfully fetched movie/37797
2026-05-01 18:46:41,452 - INFO - Successfully fetched movie/37797/credits
2026-05-01 18:46:41,775 - INFO - Successfully fetched search/movie
2026-05-01 18:46:41,947 - INFO - Successfully fetched movie/128
2026-05-01 18:46:42,198 - INFO - Successfully fetched movie/128/credits
2026-05-01 18:46:42,547 - INFO - Successfully fetched search/movie
2026-05-01 18:46:42,699 - INFO - Successfully fetched movie/16198
2026-05-01 18:46:42,957 - INFO - Successfully fetched movie/16198/credits
2026-05-01 18:46:43,263 - INFO - Successfully fetched search/movie
2026-05-01 18:46:43,457 - INFO - Successfully fetched movie/129
2026-05-01 18:46:43,708 - INFO - Successfully fetched movie/129/credits
2026-05-01 18:46:44,024 - INFO - Successfully fetched search/movie
2026-05-01 18:46:44,203 - INFO - Successfully fetched movie/15370
2026-05-01 18:46:44,454 - INFO - Successfully fetched movie/15370/credits
2026-05-01 18:46:44,758 - INFO - Successfully fetched search/movie
2026-05-01 18:46:44,954 - INFO - Successfully fetched movie/4935
2026-05-01 18:46:45,211 - INFO - Successfully fetched movie/4935/credits
2026-05-01 18:46:45,518 - INFO - Successfully fetched search/movie
2026-05-01 18:46:45,725 - INFO - Successfully fetched movie/37933
2026-05-01 18:46:45,954 - INFO - Successfully fetched movie/37933/credits
2026-05-01 18:46:46,285 - INFO - Successfully fetched search/movie
2026-05-01 18:46:46,462 - INFO - Successfully fetched movie/12429
2026-05-01 18:46:46,770 - INFO - Successfully fetched movie/12429/credits
2026-05-01 18:46:47,020 - INFO - Successfully fetched search/movie
2026-05-01 18:46:47,020 - WARNING - No exact match for Arrietty, using top result
2026-05-01 18:46:47,211 - INFO - Successfully fetched movie/51739
2026-05-01 18:46:47,460 - INFO - Successfully fetched movie/51739/credits
2026-05-01 18:46:47,778 - INFO - Successfully fetched search/movie
2026-05-01 18:46:47,957 - INFO - Successfully fetched movie/83389
2026-05-01 18:46:48,221 - INFO - Successfully fetched movie/83389/credits
2026-05-01 18:46:48,537 - INFO - Successfully fetched search/movie
2026-05-01 18:46:48,713 - INFO - Successfully fetched movie/149870
2026-05-01 18:46:48,961 - INFO - Successfully fetched movie/149870/credits
2026-05-01 18:46:49,272 - INFO - Successfully fetched search/movie
2026-05-01 18:46:49,461 - INFO - Successfully fetched movie/149871
2026-05-01 18:46:49,767 - INFO - Successfully fetched movie/149871/credits
2026-05-01 18:46:50,038 - INFO - Successfully fetched search/movie
2026-05-01 18:46:50,211 - INFO - Successfully fetched movie/242828
2026-05-01 18:46:50,472 - INFO - Successfully fetched movie/242828/credits
2026-05-01 19:35:02,504 - INFO - Successfully fetched search/movie
2026-05-01 19:35:02,646 - INFO - Successfully fetched movie/10515
2026-05-01 19:35:02,891 - INFO - Successfully fetched movie/10515/credits
2026-05-01 19:35:03,156 - INFO - Successfully fetched search/movie
2026-05-01 19:35:03,388 - INFO - Successfully fetched movie/76826
2026-05-01 19:35:03,640 - INFO - Successfully fetched movie/76826/credits
2026-05-01 19:35:04,131 - INFO - Successfully fetched search/movie
2026-05-01 19:35:04,153 - INFO - Successfully fetched movie/8392
2026-05-01 19:35:04,409 - INFO - Successfully fetched movie/8392/credits
2026-05-01 19:35:04,739 - INFO - Successfully fetched search/movie
2026-05-01 19:35:04,912 - INFO - Successfully fetched movie/16859
2026-05-01 19:35:05,251 - INFO - Successfully fetched movie/16859/credits
2026-05-01 19:35:05,559 - INFO - Successfully fetched search/movie
2026-05-01 19:35:05,664 - INFO - Successfully fetched movie/15080
2026-05-01 19:35:05,906 - INFO - Successfully fetched movie/15080/credits
2026-05-01 19:35:06,785 - INFO - Successfully fetched search/movie
2026-05-01 19:35:06,807 - INFO - Successfully fetched movie/11621
2026-05-01 19:35:07,157 - INFO - Successfully fetched movie/11621/credits
2026-05-01 19:35:07,402 - INFO - Successfully fetched search/movie
2026-05-01 19:35:07,564 - INFO - Successfully fetched movie/15283
2026-05-01 19:35:07,874 - INFO - Successfully fetched movie/15283/credits
2026-05-01 19:35:08,117 - INFO - Successfully fetched search/movie
2026-05-01 19:35:08,318 - INFO - Successfully fetched movie/37797
2026-05-01 19:35:08,837 - INFO - Successfully fetched movie/37797/credits
2026-05-01 19:35:08,938 - INFO - Successfully fetched search/movie
2026-05-01 19:35:09,114 - INFO - Successfully fetched movie/128
2026-05-01 19:35:09,361 - INFO - Successfully fetched movie/128/credits
2026-05-01 19:35:09,637 - INFO - Successfully fetched search/movie
2026-05-01 19:35:09,949 - INFO - Successfully fetched movie/16198
2026-05-01 19:35:10,120 - INFO - Successfully fetched movie/16198/credits
2026-05-01 19:35:10,385 - INFO - Successfully fetched search/movie
2026-05-01 19:35:10,619 - INFO - Successfully fetched movie/129
2026-05-01 19:35:10,876 - INFO - Successfully fetched movie/129/credits
2026-05-01 19:35:11,143 - INFO - Successfully fetched search/movie
2026-05-01 19:35:11,361 - INFO - Successfully fetched movie/15370
2026-05-01 19:35:11,611 - INFO - Successfully fetched movie/15370/credits
2026-05-01 19:35:11,961 - INFO - Successfully fetched search/movie
2026-05-01 19:35:12,344 - INFO - Successfully fetched movie/4935
2026-05-01 19:35:12,385 - INFO - Successfully fetched movie/4935/credits
2026-05-01 19:35:12,653 - INFO - Successfully fetched search/movie
2026-05-01 19:35:12,966 - INFO - Successfully fetched movie/37933
2026-05-01 19:35:13,121 - INFO - Successfully fetched movie/37933/credits
2026-05-01 19:35:13,394 - INFO - Successfully fetched search/movie
2026-05-01 19:35:13,625 - INFO - Successfully fetched movie/12429
2026-05-01 19:35:13,883 - INFO - Successfully fetched movie/12429/credits
2026-05-01 19:35:14,165 - INFO - Successfully fetched search/movie
2026-05-01 19:35:14,165 - WARNING - No exact match for Arrietty, using top result
2026-05-01 19:35:14,367 - INFO - Successfully fetched movie/51739
2026-05-01 19:35:14,615 - INFO - Successfully fetched movie/51739/credits
2026-05-01 19:35:14,892 - INFO - Successfully fetched search/movie
2026-05-01 19:35:15,116 - INFO - Successfully fetched movie/83389
2026-05-01 19:35:15,372 - INFO - Successfully fetched movie/83389/credits
2026-05-01 19:35:16,130 - INFO - Successfully fetched search/movie
2026-05-01 19:35:16,163 - INFO - Successfully fetched movie/149870
2026-05-01 19:35:16,434 - INFO - Successfully fetched movie/149870/credits
2026-05-01 19:35:16,959 - INFO - Successfully fetched search/movie
2026-05-01 19:35:16,983 - INFO - Successfully fetched movie/149871
2026-05-01 19:35:17,238 - INFO - Successfully fetched movie/149871/credits
2026-05-01 19:35:17,514 - INFO - Successfully fetched search/movie
2026-05-01 19:35:17,738 - INFO - Successfully fetched movie/242828
2026-05-01 19:35:17,983 - INFO - Successfully fetched movie/242828/credits
2026-05-01 19:35:18,700 - INFO - Successfully fetched search/movie
2026-05-01 19:35:18,861 - INFO - Successfully fetched movie/683127
2026-05-01 19:35:19,066 - INFO - Successfully fetched movie/683127/credits
2026-05-01 19:35:19,516 - INFO - Successfully fetched search/movie
2026-05-01 19:35:20,241 - INFO - Successfully fetched movie/337703
2026-05-01 19:35:20,361 - INFO - Successfully fetched movie/337703/credits
